// Jest Snapshot v1, https://goo.gl/fbAQLP

exports[`form-section should be rendered correctly 1`] = `
<DocumentFragment>
  <div
    class="MuiContainer-root MuiContainer-maxWidthXs"
  >
    <div
      class="MuiPaper-root makeStyles-paper-1 MuiPaper-elevation1 MuiPaper-rounded"
    >
      <div />
    </div>
  </div>
</DocumentFragment>
`;
