// Jest Snapshot v1, https://goo.gl/fbAQLP

exports[`loading should be rendered correctly 1`] = `
<DocumentFragment>
  <div
    aria-valuenow="0"
    class="MuiLinearProgress-root MuiLinearProgress-colorPrimary makeStyles-progress-1 MuiLinearProgress-determinate"
    role="progressbar"
  >
    <div
      class="MuiLinearProgress-bar MuiLinearProgress-barColorPrimary makeStyles-weak-2 MuiLinearProgress-bar1Determinate"
      style="transform: translateX(-100%);"
    />
  </div>
  <p
    class="MuiTypography-root MuiTypography-body1"
  >
    Password strength: weak
  </p>
</DocumentFragment>
`;
